// Jest Snapshot v1, https://goo.gl/fbAQLP

exports[`Sort component snapshot Should correctly render Sort component 1`] = `
<form
  action="#"
  className="places__sorting"
  method="get"
>
  <span
    className="places__sorting-caption"
  >
    Sort by
  </span>
  <span
    className="places__sorting-type"
    onClick={[Function]}
    tabIndex={0}
  >
    Popular
    <svg
      className="places__sorting-arrow"
      height={4}
      width={7}
    >
      <use
        xlinkHref="#icon-arrow-select"
      />
    </svg>
  </span>
  <ul
    className="places__options places__options--custom "
  >
    <a
      href="/amsterdam?sort=Popular"
      onClick={[Function]}
    >
      <li
        className="places__option places__option--active"
        onClick={[Function]}
        tabIndex={0}
      >
        Popular
      </li>
    </a>
    <a
      href="/amsterdam?sort=Price: low to high"
      onClick={[Function]}
    >
      <li
        className="places__option "
        onClick={[Function]}
        tabIndex={0}
      >
        Price: low to high
      </li>
    </a>
    <a
      href="/amsterdam?sort=Price: high to low"
      onClick={[Function]}
    >
      <li
        className="places__option "
        onClick={[Function]}
        tabIndex={0}
      >
        Price: high to low
      </li>
    </a>
    <a
      href="/amsterdam?sort=Top rated first"
      onClick={[Function]}
    >
      <li
        className="places__option "
        onClick={[Function]}
        tabIndex={0}
      >
        Top rated first
      </li>
    </a>
  </ul>
</form>
`;
